Microchip MPLAB XC8 Compiler V1.41 ()

Linker command line:

--edf=/opt/microchip/xc8/v1.41/dat/en_msgs.txt -cs \
  -h+dist/default/production/TestTimers.X.production.sym \
  --cmf=dist/default/production/TestTimers.X.production.cmf -z -Q18F4550 \
  -o/tmp/xcXFTjtZi -Mdist/default/production/TestTimers.X.production.map \
  -E1 -ver=XC8 -ASTACK=075h-07ffh -pstack=STACK -ACODE=00h-07FFFh \
  -ACONST=00h-07FFFh -ASMALLCONST=0800h-08FFhx120 \
  -AMEDIUMCONST=0800h-07FFFh -ACOMRAM=01h-05Fh -AABS1=00h-07FFh \
  -ABIGRAM=01h-07FFh -ARAM=060h-0FFh,0100h-01FFhx7 -ABANK0=060h-0FFh \
  -ABANK1=0100h-01FFh -ABANK2=0200h-02FFh -ABANK3=0300h-03FFh \
  -ABANK4=0400h-04FFh -ABANK5=0500h-05FFh -ABANK6=0600h-06FFh \
  -ABANK7=0700h-07FFh -ASFR=0F60h-0FFFh \
  -preset_vec=00h,intcode=08h,intcodelo=018h,powerup,init -pramtop=0800h \
  -psmallconst=SMALLCONST -pmediumconst=MEDIUMCONST -pconst=CONST \
  -AFARRAM=00h-00h -ACONFIG=0300000h-030000Dh -pconfig=CONFIG \
  -AIDLOC=0200000h-0200007h -pidloc=IDLOC -AEEDATA=0F00000h-0F000FFh \
  -peeprom_data=EEDATA \
  -prdata=COMRAM,nvrram=COMRAM,nvbit=COMRAM,rbss=COMRAM,rbit=COMRAM \
  -pfarbss=FARRAM,fardata=FARRAM,nvFARRAM=FARRAM \
  -pintsave_regs=BIGRAM,bigbss=BIGRAM,bigdata=BIGRAM -pbss=RAM \
  -pidata=CODE,irdata=CODE,ibigdata=CODE,ifardata=CODE -prparam=COMRAM \
  /tmp/xcXFGqnoz.obj dist/default/production/TestTimers.X.production.obj 

Object code version is 3.11

Machine type is 18F4550

Call graph: (short form)




                Name                               Link     Load   Length Selector   Space Scale
/tmp/xcXFGqnoz.obj
                init                                 BA       BA        4        C       0
                reset_vec                             0        0        4        0       0
                idloc                            200000   200000        8   200000       0
                config                           300000   300000        E   300000       0
dist/default/production/TestTimers.X.production.obj
                intcodelo                            18       18       A2        C       0
                intcode                               8        8        6        4       0
                temp                                 3D       3D        1        1       1
                smallconst                          800      800       3E      400       0
                intcode_body                        AF4      AF4       7E      41F       0
                text13                              BD2      BD2       42      41F       0
                text12                              83E      83E       EA      41F       0
                text10                              CAE      CAE       1C      41F       0
                text9                               CCA      CCA       1A      41F       0
                text8                               CE4      CE4       16      41F       0
                text7                               CFA      CFA        E      41F       0
                text6                               C46      C46       2C      41F       0
                text5                               A74      A74       80      41F       0
                text4                               928      928       B4      41F       0
                text3                               C14      C14       32      41F       0
                text2                               B72      B72       60      41F       0
                text1                               9DC      9DC       98      41F       0
                text0                               C90      C90       1E      41F       0
                cstackCOMRAM                          1        1       24        1       1
                cstackBANK0                          60       60       15       60       1
                bssCOMRAM                            25       25       18        1       1
                cinit                               C72      C72       1E      41F       0

TOTAL           Name                               Link     Load   Length     Space
        CLASS   STACK          

        CLASS   CODE           
                intcodelo                            18       18       A2         0
                intcode                               8        8        6         0
                init                                 BA       BA        4         0
                reset_vec                             0        0        4         0
                intcode_body                        AF4      AF4       7E         0
                text13                              BD2      BD2       42         0
                text12                              83E      83E       EA         0
                text10                              CAE      CAE       1C         0
                text9                               CCA      CCA       1A         0
                text8                               CE4      CE4       16         0
                text7                               CFA      CFA        E         0
                text6                               C46      C46       2C         0
                text5                               A74      A74       80         0
                text4                               928      928       B4         0
                text3                               C14      C14       32         0
                text2                               B72      B72       60         0
                text1                               9DC      9DC       98         0
                text0                               C90      C90       1E         0
                cinit                               C72      C72       1E         0

        CLASS   CONST          

        CLASS   SMALLCONST     
                smallconst                          800      800       3E         0

        CLASS   MEDIUMCONST    

        CLASS   COMRAM         
                temp                                 3D       3D        1         1
                cstackCOMRAM                          1        1       24         1
                bssCOMRAM                            25       25       18         1

        CLASS   ABS1           

        CLASS   BIGRAM         

        CLASS   RAM            

        CLASS   BANK0          
                cstackBANK0                          60       60       15         1

        CLASS   BANK1          

        CLASS   BANK2          

        CLASS   BANK3          

        CLASS   BANK4          

        CLASS   BANK5          

        CLASS   BANK6          

        CLASS   BANK7          

        CLASS   SFR            

        CLASS   FARRAM         

        CLASS   CONFIG         
                config                           300000   300000        E         0

        CLASS   IDLOC          
                idloc                            200000   200000        8         0

        CLASS   EEDATA         



SEGMENTS        Name                           Load    Length   Top    Selector   Space  Class

                reset_vec                      000000  000004  000004         0       0  CODE    
                cstackCOMRAM                   000001  00003D  00003E         1       1  COMRAM  
                intcode                        000008  000006  00000E         4       0  CODE    
                intcodelo                      000018  0000A6  0000BE         C       0  CODE    
                cstackBANK0                    000060  000015  000075        60       1  BANK0   
                smallconst                     000800  00003E  00083E       400       0  SMALLCON
                text12                         00083E  0004CA  000D08       41F       0  CODE    
                idloc                          200000  000008  200008    200000       0  IDLOC   
                config                         300000  00000E  30000E    300000       0  CONFIG  


UNUSED ADDRESS RANGES

        Name                Unused          Largest block    Delta
        BANK0            000075-0000FF               8B
        BANK1            000100-0001FF              100
        BANK2            000200-0002FF              100
        BANK3            000300-0003FF              100
        BANK4            000400-0004FF              100
        BANK5            000500-0005FF              100
        BANK6            000600-0006FF              100
        BANK7            000700-0007FF              100
        BIGRAM           00003E-00005F               22
                         000075-0007FF              78B
        CODE             000004-000007                4
                         00000E-000017                A
                         0000BE-0007FF              742
                         000D08-007FFF             72F8
        COMRAM           00003E-00005F               22
        CONST            000004-000007                4
                         00000E-000017                A
                         0000BE-0007FF              742
                         000D08-007FFF             72F8
        EEDATA           F00000-F000FF              100
        MEDIUMCONST      000D08-007FFF             72F8
        RAM              000075-0007FF              100
        SFR              000F60-000FFF               A0
        SMALLCONST       000D08-007FFF              100
        STACK            000075-0007FF              78B

                                  Symbol Table

?___lwmod                     cstackCOMRAM 00000F
?_timerValue                  cstackBANK0  000060
KeepAlive@timerKeepAlive      bssCOMRAM    00002F
_BAUDCON                      (abs)        000FB8
_INTCON2bits                  (abs)        000FF1
_INTCONbits                   (abs)        000FF2
_IPR1bits                     (abs)        000F9F
_InitMCU                      text8        000CE4
_InitTimer                    text10       000CAE
_KeepAlive                    text2        000B72
_LowIsr                       intcodelo    000018
_PIE1bits                     (abs)        000F9D
_PIR1bits                     (abs)        000F9E
_PORTBbits                    (abs)        000F81
_RCONbits                     (abs)        000FD0
_RCREG                        (abs)        000FAE
_RCSTA                        (abs)        000FAB
_SPBRG                        (abs)        000FAF
_SPBRGH                       (abs)        000FB0
_SystemTimers                 text12       00083E
_T0CON                        (abs)        000FD5
_T0CONbits                    (abs)        000FD5
_T1CON                        (abs)        000FCD
_TMR0                         (abs)        000FD6
_TMR1IE                       (abs)        007CE8
_TMR1IF                       (abs)        007CF0
_TRISBbits                    (abs)        000F93
_TRISCbits                    (abs)        000F94
_TXREG                        (abs)        000FAD
_TXSTA                        (abs)        000FAC
_TXSTAbits                    (abs)        000FAC
__CFG_BOR$ON                  (abs)        000000
__CFG_BORV$2                  (abs)        000000
__CFG_CP0$OFF                 (abs)        000000
__CFG_CP1$OFF                 (abs)        000000
__CFG_CP2$OFF                 (abs)        000000
__CFG_CP3$OFF                 (abs)        000000
__CFG_CPB$OFF                 (abs)        000000
__CFG_CPUDIV$OSC1_PLL2        (abs)        000000
__CFG_EBTR0$OFF               (abs)        000000
__CFG_EBTR1$OFF               (abs)        000000
__CFG_EBTRB$OFF               (abs)        000000
__CFG_FCMEN$OFF               (abs)        000000
__CFG_FOSC$HSPLL_HS           (abs)        000000
__CFG_IESO$OFF                (abs)        000000
__CFG_LPT1OSC$OFF             (abs)        000000
__CFG_LVP$OFF                 (abs)        000000
__CFG_MCLRE$ON                (abs)        000000
__CFG_PBADEN$ON               (abs)        000000
__CFG_PLLDIV$5                (abs)        000000
__CFG_PWRT$OFF                (abs)        000000
__CFG_STVREN$ON               (abs)        000000
__CFG_VREGEN$OFF              (abs)        000000
__CFG_WDT$OFF                 (abs)        000000
__CFG_WDTPS$32768             (abs)        000000
__CFG_WRT0$OFF                (abs)        000000
__CFG_WRT1$OFF                (abs)        000000
__CFG_WRTB$OFF                (abs)        000000
__CFG_WRTC$OFF                (abs)        000000
__CFG_XINST$OFF               (abs)        000000
__HRAM                        (abs)        000000
__Habs1                       abs1         000000
__Hbank0                      bank0        000000
__Hbank1                      bank1        000000
__Hbank2                      bank2        000000
__Hbank3                      bank3        000000
__Hbank4                      bank4        000000
__Hbank5                      bank5        000000
__Hbank6                      bank6        000000
__Hbank7                      bank7        000000
__Hbigbss                     bigbss       000000
__Hbigdata                    bigdata      000000
__Hbigram                     bigram       000000
__Hbss                        bss          000000
__HbssCOMRAM                  bssCOMRAM    000000
__Hcinit                      cinit        000000
__Hclrtext                    clrtext      000000
__Hcomram                     comram       000000
__Hconfig                     config       30000E
__Hconst                      const        000000
__HcstackBANK0                cstackBANK0  000000
__HcstackCOMRAM               cstackCOMRAM 000000
__Hdata                       data         000000
__Heeprom_data                eeprom_data  000000
__Hfarbss                     farbss       000000
__Hfardata                    fardata      000000
__Hibigdata                   ibigdata     000000
__Hidata                      idata        000000
__Hidloc                      idloc        200008
__Hifardata                   ifardata     000000
__Hinit                       init         0000BE
__Hintcode                    intcode      00000E
__Hintcode_body               intcode_body 000000
__Hintcodelo                  intcodelo    0000BA
__Hintentry                   intentry     000000
__Hintret                     intret       000000
__Hintsave_regs               intsave_regs 000000
__Hirdata                     irdata       000000
__Hmediumconst                mediumconst  000000
__HnvFARRAM                   nvFARRAM     000000
__Hnvbit                      nvbit        000000
__Hnvrram                     nvrram       000000
__Hparam                      rparam       000000
__Hpowerup                    powerup      0000BA
__Hram                        ram          000000
__Hramtop                     ramtop       000800
__Hrbit                       rbit         000000
__Hrbss                       rbss         000000
__Hrdata                      rdata        000000
__Hreset_vec                  reset_vec    000004
__Hrparam                     rparam       000000
__Hsfr                        sfr          000000
__Hsmallconst                 smallconst   00083E
__Hspace_0                    (abs)        30000E
__Hspace_1                    (abs)        000075
__Hspace_2                    (abs)        000000
__Hstack                      stack        000000
__Hstruct                     struct       000000
__Htemp                       temp         00003E
__Htext                       text         000000
__Htext0                      text0        000000
__Htext1                      text1        000000
__Htext10                     text10       000000
__Htext12                     text12       000000
__Htext13                     text13       000000
__Htext2                      text2        000000
__Htext3                      text3        000000
__Htext4                      text4        000000
__Htext5                      text5        000000
__Htext6                      text6        000000
__Htext7                      text7        000000
__Htext8                      text8        000000
__Htext9                      text9        000000
__LRAM                        (abs)        000001
__Labs1                       abs1         000000
__Lbank0                      bank0        000000
__Lbank1                      bank1        000000
__Lbank2                      bank2        000000
__Lbank3                      bank3        000000
__Lbank4                      bank4        000000
__Lbank5                      bank5        000000
__Lbank6                      bank6        000000
__Lbank7                      bank7        000000
__Lbigbss                     bigbss       000000
__Lbigdata                    bigdata      000000
__Lbigram                     bigram       000000
__Lbss                        bss          000000
__LbssCOMRAM                  bssCOMRAM    000000
__Lcinit                      cinit        000000
__Lclrtext                    clrtext      000000
__Lcomram                     comram       000000
__Lconfig                     config       300000
__Lconst                      const        000000
__LcstackBANK0                cstackBANK0  000000
__LcstackCOMRAM               cstackCOMRAM 000000
__Ldata                       data         000000
__Leeprom_data                eeprom_data  000000
__Lfarbss                     farbss       000000
__Lfardata                    fardata      000000
__Libigdata                   ibigdata     000000
__Lidata                      idata        000000
__Lidloc                      idloc        200000
__Lifardata                   ifardata     000000
__Linit                       init         0000BA
__Lintcode                    intcode      000008
__Lintcode_body               intcode_body 000000
__Lintcodelo                  intcodelo    000018
__Lintentry                   intentry     000000
__Lintret                     intret       000000
__Lintsave_regs               intsave_regs 000000
__Lirdata                     irdata       000000
__Lmediumconst                mediumconst  000000
__LnvFARRAM                   nvFARRAM     000000
__Lnvbit                      nvbit        000000
__Lnvrram                     nvrram       000000
__Lparam                      rparam       000000
__Lpowerup                    powerup      0000BA
__Lram                        ram          000000
__Lramtop                     ramtop       000800
__Lrbit                       rbit         000000
__Lrbss                       rbss         000000
__Lrdata                      rdata        000000
__Lreset_vec                  reset_vec    000000
__Lrparam                     rparam       000000
__Lsfr                        sfr          000000
__Lsmallconst                 smallconst   000800
__Lspace_0                    (abs)        000000
__Lspace_1                    (abs)        000000
__Lspace_2                    (abs)        000000
__Lstack                      stack        000000
__Lstruct                     struct       000000
__Ltemp                       temp         00003D
__Ltext                       text         000000
__Ltext0                      text0        000000
__Ltext1                      text1        000000
__Ltext10                     text10       000000
__Ltext12                     text12       000000
__Ltext13                     text13       000000
__Ltext2                      text2        000000
__Ltext3                      text3        000000
__Ltext4                      text4        000000
__Ltext5                      text5        000000
__Ltext6                      text6        000000
__Ltext7                      text7        000000
__Ltext8                      text8        000000
__Ltext9                      text9        000000
__S0                          (abs)        30000E
__S1                          (abs)        000075
__S2                          (abs)        000000
___inthi_sp                   stack        000000
___intlo_sp                   stack        000000
___lwmod                      text13       000BD2
___lwmod@counter              cstackCOMRAM 000013
___lwmod@dividend             cstackCOMRAM 00000F
___lwmod@divisor              cstackCOMRAM 000011
___param_bank                 (abs)        000000
___rparam_used                (abs)        000001
___sp                         stack        000000
__accesstop                   (abs)        000060
__activetblptr                (abs)        000001
__end_of_InitMCU              text8        000CFA
__end_of_InitTimer            text10       000CCA
__end_of_KeepAlive            text2        000BD2
__end_of_LowIsr               intcodelo    0000BA
__end_of_SystemTimers         text12       000928
__end_of___lwmod              text13       000C14
__end_of__initialization      cinit        000C7E
__end_of_initUsart            text9        000CE4
__end_of_ledStatus            text1        000A74
__end_of_main                 text0        000CAE
__end_of_putUsart             text7        000D08
__end_of_putsUsart            text6        000C72
__end_of_tc_int               intcode_body 000B72
__end_of_timerInit            text5        000AF4
__end_of_timerIsTimeout       text3        000C46
__end_of_timerValue           text4        0009DC
__initialization              cinit        000C72
__mediumconst                 mediumconst  000000
__pbssCOMRAM                  bssCOMRAM    000025
__pcinit                      cinit        000C72
__pcstackBANK0                cstackBANK0  000060
__pcstackCOMRAM               cstackCOMRAM 000001
__pintcode                    intcode      000008
__pintcode_body               intcode_body 000AF4
__pintcodelo                  intcodelo    000018
__psmallconst                 smallconst   000800
__ptext0                      text0        000C90
__ptext1                      text1        0009DC
__ptext10                     text10       000CAE
__ptext12                     text12       00083E
__ptext13                     text13       000BD2
__ptext2                      text2        000B72
__ptext3                      text3        000C14
__ptext4                      text4        000928
__ptext5                      text5        000A74
__ptext6                      text6        000C46
__ptext7                      text7        000CFA
__ptext8                      text8        000CE4
__ptext9                      text9        000CCA
__ramtop                      ramtop       000800
__size_of_InitMCU             (abs)        000000
__size_of_InitTimer           (abs)        000000
__size_of_KeepAlive           (abs)        000000
__size_of_LowIsr              (abs)        000000
__size_of_SystemTimers        (abs)        000000
__size_of___lwmod             (abs)        000000
__size_of_initUsart           (abs)        000000
__size_of_ledStatus           (abs)        000000
__size_of_main                (abs)        000000
__size_of_putUsart            (abs)        000000
__size_of_putsUsart           (abs)        000000
__size_of_tc_int              (abs)        000000
__size_of_timerInit           (abs)        000000
__size_of_timerIsTimeout      (abs)        000000
__size_of_timerValue          (abs)        000000
__smallconst                  smallconst   000800
_initUsart                    text9        000CCA
_ledStatus                    text1        0009DC
_main                         text0        000C90
_putUsart                     text7        000CFA
_putsUsart                    text6        000C46
_sSystemTimers                bssCOMRAM    000025
_tc_int                       intcode      000008
_timerInit                    text5        000A74
_timerIsTimeout               text3        000C14
_timerValue                   text4        000928
btemp                         temp         00003D
end_of_initialization         cinit        000C7E
int$flags                     temp         00003D
int_func                      intcode_body 000AF4
intlevel0                     text         000000
intlevel1                     text         000000
intlevel2                     text         000000
intlevel3                     text         000000
ledStatus@timerLedStatus      bssCOMRAM    000036
putUsart@c                    cstackBANK0  000060
putsUsart@s                   cstackBANK0  000061
stackhi                       (abs)        0007FF
stacklo                       (abs)        000075
start                         init         0000BA
start_initialization          cinit        000C72
timerInit@ptrSystemTimerValue cstackBANK0  000064
timerInit@ptrTimer            cstackBANK0  000060
timerInit@timeoutValue        cstackBANK0  000062
timerIsTimeout@timerStruct    cstackBANK0  00006D
timerValue@difTime            cstackBANK0  00006B
timerValue@timerStruct        cstackBANK0  000060


FUNCTION INFORMATION:

 *************** function _main *****************
 Defined at:
		line 152 in file "main.c"
 Parameters:    Size  Location     Type
		None
 Auto vars:     Size  Location     Type
		None
 Return value:  Size  Location     Type
                  1    wreg      void 
 Registers used:
		wreg, fsr0l, fsr0h, fsr1l, fsr1h, fsr2l, fsr2h, status,2, status,0, tblptrl, tblptrh, tblptru, cstack
 Tracked objects:
		On entry : 
		On exit  : 
		Unchanged: 
 Data sizes:     COMRAM   BANK0   BANK1   BANK2   BANK3   BANK4   BANK5   BANK6   BANK7
      Params:         0       0       0       0       0       0       0       0       0
      Locals:         0       0       0       0       0       0       0       0       0
      Temps:          0       0       0       0       0       0       0       0       0
      Totals:         0       0       0       0       0       0       0       0       0
Total ram usage:        0 bytes
 Hardware stack levels required when called:    7
 This function calls:
		_InitMCU
		_KeepAlive
		_ledStatus
		_putsUsart
 This function is called by:
		Startup code after reset
 This function uses a non-reentrant model


 *************** function _ledStatus *****************
 Defined at:
		line 117 in file "main.c"
 Parameters:    Size  Location     Type
		None
 Auto vars:     Size  Location     Type
		None
 Return value:  Size  Location     Type
                  1    wreg      void 
 Registers used:
		wreg, fsr0l, fsr0h, fsr1l, fsr1h, fsr2l, fsr2h, status,2, status,0, tblptrl, tblptrh, tblptru, cstack
 Tracked objects:
		On entry : 
		On exit  : 
		Unchanged: 
 Data sizes:     COMRAM   BANK0   BANK1   BANK2   BANK3   BANK4   BANK5   BANK6   BANK7
      Params:         0       0       0       0       0       0       0       0       0
      Locals:         0       0       0       0       0       0       0       0       0
      Temps:          0       1       0       0       0       0       0       0       0
      Totals:         0       1       0       0       0       0       0       0       0
Total ram usage:        1 bytes
 Hardware stack levels used:    1
 Hardware stack levels required when called:    6
 This function calls:
		_putsUsart
		_timerInit
		_timerIsTimeout
 This function is called by:
		_main
 This function uses a non-reentrant model


 *************** function _KeepAlive *****************
 Defined at:
		line 138 in file "main.c"
 Parameters:    Size  Location     Type
		None
 Auto vars:     Size  Location     Type
		None
 Return value:  Size  Location     Type
                  1    wreg      void 
 Registers used:
		wreg, fsr0l, fsr0h, fsr1l, fsr1h, fsr2l, fsr2h, status,2, status,0, tblptrl, tblptrh, tblptru, cstack
 Tracked objects:
		On entry : 
		On exit  : 
		Unchanged: 
 Data sizes:     COMRAM   BANK0   BANK1   BANK2   BANK3   BANK4   BANK5   BANK6   BANK7
      Params:         0       0       0       0       0       0       0       0       0
      Locals:         0       0       0       0       0       0       0       0       0
      Temps:          0       0       0       0       0       0       0       0       0
      Totals:         0       0       0       0       0       0       0       0       0
Total ram usage:        0 bytes
 Hardware stack levels used:    1
 Hardware stack levels required when called:    6
 This function calls:
		_putsUsart
		_timerInit
		_timerIsTimeout
 This function is called by:
		_main
 This function uses a non-reentrant model


 *************** function _timerIsTimeout *****************
 Defined at:
		line 61 in file "comum.c"
 Parameters:    Size  Location     Type
  timerStruct     7   13[BANK0 ] struct .
 Auto vars:     Size  Location     Type
		None
 Return value:  Size  Location     Type
                  1    wreg      enum E4234
 Registers used:
		wreg, fsr0l, fsr0h, fsr2l, fsr2h, status,2, status,0, cstack
 Tracked objects:
		On entry : 
		On exit  : 
		Unchanged: 
 Data sizes:     COMRAM   BANK0   BANK1   BANK2   BANK3   BANK4   BANK5   BANK6   BANK7
      Params:         0       7       0       0       0       0       0       0       0
      Locals:         0       0       0       0       0       0       0       0       0
      Temps:          0       0       0       0       0       0       0       0       0
      Totals:         0       7       0       0       0       0       0       0       0
Total ram usage:        7 bytes
 Hardware stack levels used:    1
 Hardware stack levels required when called:    5
 This function calls:
		_timerValue
 This function is called by:
		_ledStatus
		_KeepAlive
 This function uses a non-reentrant model


 *************** function _timerValue *****************
 Defined at:
		line 45 in file "comum.c"
 Parameters:    Size  Location     Type
  timerStruct     7    0[BANK0 ] const struct .
 Auto vars:     Size  Location     Type
  difTime         2   11[BANK0 ] unsigned int 
 Return value:  Size  Location     Type
                  2    0[BANK0 ] unsigned int 
 Registers used:
		wreg, fsr2l, fsr2h, status,2, status,0
 Tracked objects:
		On entry : 
		On exit  : 
		Unchanged: 
 Data sizes:     COMRAM   BANK0   BANK1   BANK2   BANK3   BANK4   BANK5   BANK6   BANK7
      Params:         0       7       0       0       0       0       0       0       0
      Locals:         0       2       0       0       0       0       0       0       0
      Temps:          0       4       0       0       0       0       0       0       0
      Totals:         0      13       0       0       0       0       0       0       0
Total ram usage:       13 bytes
 Hardware stack levels used:    1
 Hardware stack levels required when called:    4
 This function calls:
		Nothing
 This function is called by:
		_timerIsTimeout
 This function uses a non-reentrant model


 *************** function _timerInit *****************
 Defined at:
		line 34 in file "comum.c"
 Parameters:    Size  Location     Type
  ptrTimer        2    0[BANK0 ] PTR struct .
		 -> KeepAlive@timerKeepAlive(7), ledStatus@timerLedStatus(7), 
  timeoutValue    2    2[BANK0 ] const unsigned int 
  ptrSystemTim    2    4[BANK0 ] PTR const unsigned int 
		 -> sSystemTimers.timer1s(2), sSystemTimers.timer100ms(2), sSystemTimers(10), 
 Auto vars:     Size  Location     Type
		None
 Return value:  Size  Location     Type
                  1    wreg      void 
 Registers used:
		wreg, fsr1l, fsr1h, fsr2l, fsr2h, status,2, status,0
 Tracked objects:
		On entry : 
		On exit  : 
		Unchanged: 
 Data sizes:     COMRAM   BANK0   BANK1   BANK2   BANK3   BANK4   BANK5   BANK6   BANK7
      Params:         0       6       0       0       0       0       0       0       0
      Locals:         0       0       0       0       0       0       0       0       0
      Temps:          0       2       0       0       0       0       0       0       0
      Totals:         0       8       0       0       0       0       0       0       0
Total ram usage:        8 bytes
 Hardware stack levels used:    1
 Hardware stack levels required when called:    4
 This function calls:
		Nothing
 This function is called by:
		_ledStatus
		_KeepAlive
 This function uses a non-reentrant model


 *************** function _putsUsart *****************
 Defined at:
		line 80 in file "usart.c"
 Parameters:    Size  Location     Type
  s               2    1[BANK0 ] PTR unsigned char 
		 -> STR_4(23), STR_3(17), STR_2(10), STR_1(9), 
 Auto vars:     Size  Location     Type
		None
 Return value:  Size  Location     Type
                  1    wreg      void 
 Registers used:
		wreg, status,2, status,0, tblptrl, tblptrh, tblptru, cstack
 Tracked objects:
		On entry : 
		On exit  : 
		Unchanged: 
 Data sizes:     COMRAM   BANK0   BANK1   BANK2   BANK3   BANK4   BANK5   BANK6   BANK7
      Params:         0       2       0       0       0       0       0       0       0
      Locals:         0       0       0       0       0       0       0       0       0
      Temps:          0       0       0       0       0       0       0       0       0
      Totals:         0       2       0       0       0       0       0       0       0
Total ram usage:        2 bytes
 Hardware stack levels used:    1
 Hardware stack levels required when called:    5
 This function calls:
		_putUsart
 This function is called by:
		_ledStatus
		_KeepAlive
		_main
 This function uses a non-reentrant model


 *************** function _putUsart *****************
 Defined at:
		line 66 in file "usart.c"
 Parameters:    Size  Location     Type
  c               1    wreg     unsigned char 
 Auto vars:     Size  Location     Type
  c               1    0[BANK0 ] unsigned char 
 Return value:  Size  Location     Type
                  1    wreg      void 
 Registers used:
		wreg
 Tracked objects:
		On entry : 
		On exit  : 
		Unchanged: 
 Data sizes:     COMRAM   BANK0   BANK1   BANK2   BANK3   BANK4   BANK5   BANK6   BANK7
      Params:         0       0       0       0       0       0       0       0       0
      Locals:         0       1       0       0       0       0       0       0       0
      Temps:          0       0       0       0       0       0       0       0       0
      Totals:         0       1       0       0       0       0       0       0       0
Total ram usage:        1 bytes
 Hardware stack levels used:    1
 Hardware stack levels required when called:    4
 This function calls:
		Nothing
 This function is called by:
		_putsUsart
 This function uses a non-reentrant model


 *************** function _InitMCU *****************
 Defined at:
		line 99 in file "main.c"
 Parameters:    Size  Location     Type
		None
 Auto vars:     Size  Location     Type
		None
 Return value:  Size  Location     Type
                  1    wreg      void 
 Registers used:
		wreg, status,2, cstack
 Tracked objects:
		On entry : 
		On exit  : 
		Unchanged: 
 Data sizes:     COMRAM   BANK0   BANK1   BANK2   BANK3   BANK4   BANK5   BANK6   BANK7
      Params:         0       0       0       0       0       0       0       0       0
      Locals:         0       0       0       0       0       0       0       0       0
      Temps:          0       0       0       0       0       0       0       0       0
      Totals:         0       0       0       0       0       0       0       0       0
Total ram usage:        0 bytes
 Hardware stack levels used:    1
 Hardware stack levels required when called:    5
 This function calls:
		_InitTimer
		_initUsart
 This function is called by:
		_main
 This function uses a non-reentrant model


 *************** function _initUsart *****************
 Defined at:
		line 42 in file "usart.c"
 Parameters:    Size  Location     Type
		None
 Auto vars:     Size  Location     Type
		None
 Return value:  Size  Location     Type
                  1    wreg      void 
 Registers used:
		wreg, status,2
 Tracked objects:
		On entry : 
		On exit  : 
		Unchanged: 
 Data sizes:     COMRAM   BANK0   BANK1   BANK2   BANK3   BANK4   BANK5   BANK6   BANK7
      Params:         0       0       0       0       0       0       0       0       0
      Locals:         0       0       0       0       0       0       0       0       0
      Temps:          0       0       0       0       0       0       0       0       0
      Totals:         0       0       0       0       0       0       0       0       0
Total ram usage:        0 bytes
 Hardware stack levels used:    1
 Hardware stack levels required when called:    4
 This function calls:
		Nothing
 This function is called by:
		_InitMCU
 This function uses a non-reentrant model


 *************** function _InitTimer *****************
 Defined at:
		line 42 in file "Interrupt.c"
 Parameters:    Size  Location     Type
		None
 Auto vars:     Size  Location     Type
		None
 Return value:  Size  Location     Type
                  1    wreg      void 
 Registers used:
		wreg, status,2
 Tracked objects:
		On entry : 
		On exit  : 
		Unchanged: 
 Data sizes:     COMRAM   BANK0   BANK1   BANK2   BANK3   BANK4   BANK5   BANK6   BANK7
      Params:         0       0       0       0       0       0       0       0       0
      Locals:         0       0       0       0       0       0       0       0       0
      Temps:          0       0       0       0       0       0       0       0       0
      Totals:         0       0       0       0       0       0       0       0       0
Total ram usage:        0 bytes
 Hardware stack levels used:    1
 Hardware stack levels required when called:    4
 This function calls:
		Nothing
 This function is called by:
		_InitMCU
 This function uses a non-reentrant model


 *************** function _LowIsr *****************
 Defined at:
		line 69 in file "Interrupt.c"
 Parameters:    Size  Location     Type
		None
 Auto vars:     Size  Location     Type
		None
 Return value:  Size  Location     Type
                  1    wreg      void 
 Registers used:
		wreg, status,2, status,0, cstack
 Tracked objects:
		On entry : 
		On exit  : 
		Unchanged: 
 Data sizes:     COMRAM   BANK0   BANK1   BANK2   BANK3   BANK4   BANK5   BANK6   BANK7
      Params:         0       0       0       0       0       0       0       0       0
      Locals:         0       0       0       0       0       0       0       0       0
      Temps:         17       0       0       0       0       0       0       0       0
      Totals:        17       0       0       0       0       0       0       0       0
Total ram usage:       17 bytes
 Hardware stack levels used:    1
 Hardware stack levels required when called:    3
 This function calls:
		_SystemTimers
 This function is called by:
		Interrupt level 1
 This function uses a non-reentrant model


 *************** function _SystemTimers *****************
 Defined at:
		line 73 in file "comum.c"
 Parameters:    Size  Location     Type
		None
 Auto vars:     Size  Location     Type
		None
 Return value:  Size  Location     Type
                  1    wreg      void 
 Registers used:
		wreg, status,2, status,0, cstack
 Tracked objects:
		On entry : 
		On exit  : 
		Unchanged: 
 Data sizes:     COMRAM   BANK0   BANK1   BANK2   BANK3   BANK4   BANK5   BANK6   BANK7
      Params:         0       0       0       0       0       0       0       0       0
      Locals:         0       0       0       0       0       0       0       0       0
      Temps:          0       0       0       0       0       0       0       0       0
      Totals:         0       0       0       0       0       0       0       0       0
Total ram usage:        0 bytes
 Hardware stack levels used:    1
 Hardware stack levels required when called:    2
 This function calls:
		___lwmod
 This function is called by:
		_LowIsr
 This function uses a non-reentrant model


 *************** function ___lwmod *****************
 Defined at:
		line 8 in file "/opt/microchip/xc8/v1.41/sources/common/lwmod.c"
 Parameters:    Size  Location     Type
  dividend        2   14[COMRAM] unsigned int 
  divisor         2   16[COMRAM] unsigned int 
 Auto vars:     Size  Location     Type
  counter         1   18[COMRAM] unsigned char 
 Return value:  Size  Location     Type
                  2   14[COMRAM] unsigned int 
 Registers used:
		wreg, status,2, status,0
 Tracked objects:
		On entry : 
		On exit  : 
		Unchanged: 
 Data sizes:     COMRAM   BANK0   BANK1   BANK2   BANK3   BANK4   BANK5   BANK6   BANK7
      Params:         4       0       0       0       0       0       0       0       0
      Locals:         1       0       0       0       0       0       0       0       0
      Temps:          0       0       0       0       0       0       0       0       0
      Totals:         5       0       0       0       0       0       0       0       0
Total ram usage:        5 bytes
 Hardware stack levels used:    1
 Hardware stack levels required when called:    1
 This function calls:
		Nothing
 This function is called by:
		_SystemTimers
 This function uses a non-reentrant model


 *************** function _tc_int *****************
 Defined at:
		line 59 in file "Interrupt.c"
 Parameters:    Size  Location     Type
		None
 Auto vars:     Size  Location     Type
		None
 Return value:  Size  Location     Type
                  1    wreg      void 
 Registers used:
		None
 Tracked objects:
		On entry : 
		On exit  : 
		Unchanged: 
 Data sizes:     COMRAM   BANK0   BANK1   BANK2   BANK3   BANK4   BANK5   BANK6   BANK7
      Params:         0       0       0       0       0       0       0       0       0
      Locals:         0       0       0       0       0       0       0       0       0
      Temps:         14       0       0       0       0       0       0       0       0
      Totals:        14       0       0       0       0       0       0       0       0
Total ram usage:       14 bytes
 Hardware stack levels used:    1
 This function calls:
		Nothing
 This function is called by:
		Interrupt level 2
 This function uses a non-reentrant model



MODULE INFORMATION

Module		Function		Class		Link	Load	Size
usart.c
		_putsUsart     		CODE           	0C46	0000	45
		_putUsart      		CODE           	0CFA	0000	15
		_initUsart     		CODE           	0CCA	0000	27

usart.c estimated size: 87

shared
		__initialization		CODE           	0C72	0000	13

shared estimated size: 13

Interrupt.c
		_InitTimer     		CODE           	0CAE	0000	29
		_tc_int        		CODE           	0008	0000	133
		_LowIsr        		CODE           	0018	0000	163

Interrupt.c estimated size: 325

comum.c
		_timerIsTimeout		CODE           	0C14	0000	51
		_SystemTimers  		CODE           	083E	0000	235
		_timerInit     		CODE           	0A74	0000	129
		_timerValue    		CODE           	0928	0000	181

comum.c estimated size: 596

/opt/microchip/xc8/v1.41/sources/common/lwmod.c
		___lwmod       		CODE           	0BD2	0000	67

/opt/microchip/xc8/v1.41/sources/common/lwmod.c estimated size: 67

main.c
		_main          		CODE           	0C90	0000	31
		_InitMCU       		CODE           	0CE4	0000	23
		_KeepAlive     		CODE           	0B72	0000	97
		_ledStatus     		CODE           	09DC	0000	153

main.c estimated size: 304

